digraph main {
 b0;
 A;
 B;
 C;
 D;
 b0 -> A;
 A -> B;
 A -> C;
 B -> D;
 C -> D;
}
